Analyzing 5 items...                                            

  error - Target of URI doesn't exist: '../widgets/home/connection_status_bar.dart' - lib\presentation\pages\home_page.dart:9:8 - uri_does_not_exist
warning - The declaration '_enterFactoryMode' isn't referenced - lib\presentation\pages\home_page.dart:40:8 - unused_element
   info - 'withOpacity' is deprecated and shouldn't be used. Use .withValues() to avoid precision loss - lib\presentation\pages\home_page.dart:129:44 - deprecated_member_use
  error - Invalid constant value - lib\presentation\pages\home_page.dart:157:26 - invalid_constant
  error - The getter 'textSecondary' isn't defined for the type 'AppColors' - lib\presentation\pages\home_page.dart:157:36 - undefined_getter
  error - Invalid constant value - lib\presentation\pages\home_page.dart:165:26 - invalid_constant
  error - The getter 'textMuted' isn't defined for the type 'AppColors' - lib\presentation\pages\home_page.dart:165:36 - undefined_getter
   info - 'withOpacity' is deprecated and shouldn't be used. Use .withValues() to avoid precision loss - lib\presentation\pages\home_page.dart:201:41 - deprecated_member_use
  error - The getter 'textSecondary' isn't defined for the type 'AppColors' - lib\presentation\pages\home_page.dart:214:67 - undefined_getter
  error - The getter 'textMuted' isn't defined for the type 'AppColors' - lib\presentation\pages\home_page.dart:215:33 - undefined_getter
  error - The getter 'textMuted' isn't defined for the type 'AppColors' - lib\presentation\pages\home_page.dart:228:35 - undefined_getter
  error - The getter 'textMuted' isn't defined for the type 'AppColors' - lib\presentation\pages\home_page.dart:412:30 - undefined_getter
  error - Invalid constant value - lib\presentation\pages\home_page.dart:418:40 - invalid_constant
  error - The getter 'textSecondary' isn't defined for the type 'AppColors' - lib\presentation\pages\home_page.dart:418:50 - undefined_getter
   info - 'withOpacity' is deprecated and shouldn't be used. Use .withValues() to avoid precision loss - lib\presentation\pages\home_page.dart:442:36 - deprecated_member_use
  error - Invalid constant value - lib\presentation\pages\settings_page.dart:28:21 - invalid_constant
  error - The getter 'bgGradient' isn't defined for the type 'AppColors' - lib\presentation\pages\settings_page.dart:28:31 - undefined_getter
  error - Invalid constant value - lib\presentation\pages\settings_page.dart:130:18 - invalid_constant
  error - The getter 'textSecondary' isn't defined for the type 'AppColors' - lib\presentation\pages\settings_page.dart:130:28 - undefined_getter
   info - 'withOpacity' is deprecated and shouldn't be used. Use .withValues() to avoid precision loss - lib\presentation\pages\settings_page.dart:146:37 - deprecated_member_use
  error - The getter 'textSecondary' isn't defined for the type 'AppColors' - lib\presentation\pages\settings_page.dart:158:66 - undefined_getter
  error - The getter 'textSecondary' isn't defined for the type 'AppColors' - lib\presentation\pages\settings_page.dart:164:66 - undefined_getter
   info - 'withOpacity' is deprecated and shouldn't be used. Use .withValues() to avoid precision loss - lib\presentation\pages\settings_page.dart:184:49 - deprecated_member_use
  error - The getter 'textPrimary' isn't defined for the type 'AppColors' - lib\presentation\pages\settings_page.dart:193:67 - undefined_getter

